
     Program PWSCF v.6.2.2 starts on  8Mar2018 at 15: 9:48 

     This program is part of the open-source Quantum ESPRESSO suite
     for quantum simulation of materials; please cite
         "P. Giannozzi et al., J. Phys.:Condens. Matter 21 395502 (2009);
         "P. Giannozzi et al., J. Phys.:Condens. Matter 29 465901 (2017);
          URL http://www.quantum-espresso.org", 
     in publications or presentations arising from this work. More details at
     http://www.quantum-espresso.org/quote

     Parallel version (MPI), running on     4 processors

     MPI processes distributed on     1 nodes
     R & G space division:  proc/nbgrp/npool/nimage =       4
     Waiting for input...
     Reading input from standard input

     Current dimensions of program PWSCF are:
     Max number of different atomic species (ntypx) = 10
     Max number of k-points (npk) =  40000
     Max angular momentum in pseudopotentials (lmaxx) =  3
     WARNING: atomic wfc #  2 for atom type 1 has zero norm
     WARNING: atomic wfc #  5 for atom type 1 has zero norm
     WARNING: atomic wfc #  7 for atom type 1 has zero norm

     Subspace diagonalization in iterative solution of the eigenvalue problem:
     a serial algorithm will be used

 
     Parallelization info
     --------------------
     sticks:   dense  smooth     PW     G-vecs:    dense   smooth      PW
     Min         433     433    124                11861    11861    1779
     Max         434     434    126                11863    11863    1781
     Sum        1735    1735    499                47447    47447    7119
 


     bravais-lattice index     =            2
     lattice parameter (alat)  =      10.2229  a.u.
     unit-cell volume          =     267.0921 (a.u.)^3
     number of atoms/cell      =            3
     number of atomic types    =            2
     number of electrons       =        24.00
     number of Kohn-Sham states=           12
     kinetic-energy cutoff     =     120.0000  Ry
     charge density cutoff     =     480.0000  Ry
     convergence threshold     =      1.0E-08
     mixing beta               =       0.2000
     number of iterations used =            8  plain     mixing
     Exchange-correlation      =  SLA  PW   PBX  PBC ( 1  4  3  4 0 0)

     celldm(1)=  10.222889  celldm(2)=   0.000000  celldm(3)=   0.000000
     celldm(4)=   0.000000  celldm(5)=   0.000000  celldm(6)=   0.000000

     crystal axes: (cart. coord. in units of alat)
               a(1) = (  -0.500000   0.000000   0.500000 )  
               a(2) = (   0.000000   0.500000   0.500000 )  
               a(3) = (  -0.500000   0.500000   0.000000 )  

     reciprocal axes: (cart. coord. in units 2 pi/alat)
               b(1) = ( -1.000000 -1.000000  1.000000 )  
               b(2) = (  1.000000  1.000000  1.000000 )  
               b(3) = ( -1.000000  1.000000 -1.000000 )  


     PseudoPot. # 1 for Ce read from file:
     ./pseudo/Ce.pbe-tm-semi-dc-dipaw.UPF
     MD5 check sum: 6824a9a3529fdd92587692c433c8c225
     Pseudo is Norm-conserving + core correction, Zval = 12.0
     Generated using "atomic" code by A. Dal Corso v.6.2
     Using radial grid of 1667 points,  3 beta functions with: 
                l(1) =   3
                l(2) =   2
                l(3) =   1

     PseudoPot. # 2 for O  read from file:
     ./pseudo/O.pbe-tm-gipaw-dc.UPF
     MD5 check sum: cd70c9dcf1f7d755502eb127a1501eea
     Pseudo is Norm-conserving, Zval =  6.0
     Generated by new atomic code, or converted to UPF format
     Using radial grid of 1469 points,  1 beta functions with: 
                l(1) =   0

     atomic species   valence    mass     pseudopotential
        Ce            12.00   140.11600     Ce( 1.00)
        O              6.00    15.99940     O ( 1.00)


     Simplified LDA+U calculation (l_max = 3) with parameters (eV):
     atomic species    L          U    alpha       J0     beta
        Ce             3     5.0000   0.0000   0.0000   0.0000
        O              1     0.0001   0.0000   0.0000   0.0000



     48 Sym. Ops., with inversion, found



   Cartesian axes

     site n.     atom                  positions (alat units)
         1           Ce  tau(   1) = (   0.0000000   0.0000000   0.0000000  )
         2           O   tau(   2) = (   0.2500000   0.2500000   0.2500000  )
         3           O   tau(   3) = (   0.7500000   0.7500000   0.7500000  )

     number of k points=     8
                       cart. coord. in units 2pi/alat
        k(    1) = (   0.0000000   0.0000000   0.0000000), wk =   0.0312500
        k(    2) = (  -0.2500000   0.2500000  -0.2500000), wk =   0.2500000
        k(    3) = (   0.5000000  -0.5000000   0.5000000), wk =   0.1250000
        k(    4) = (   0.0000000   0.5000000   0.0000000), wk =   0.1875000
        k(    5) = (   0.7500000  -0.2500000   0.7500000), wk =   0.7500000
        k(    6) = (   0.5000000   0.0000000   0.5000000), wk =   0.3750000
        k(    7) = (   0.0000000  -1.0000000   0.0000000), wk =   0.0937500
        k(    8) = (  -0.5000000  -1.0000000   0.0000000), wk =   0.1875000

     Dense  grid:    47447 G-vectors     FFT dimensions: (  54,  54,  54)

     Estimated max dynamical RAM per process >      18.14 MB

     Estimated total dynamical RAM >      72.54 MB

     Initial potential from superposition of free atoms

     starting charge   21.99999, renormalised to   24.00000
     Number of +U iterations with fixed ns =  0
     Starting occupations:
 --- enter write_ns ---
 LDA+U parameters:
U( 1)     =  5.00000000
alpha( 1) =  0.00000000
U( 2)     =  0.00010000
alpha( 2) =  0.00000000
atom    1   Tr[ns(na)] =   2.00000
    eigenvalues: 
  0.143  0.143  0.143  0.143  0.143  0.143  0.143
    eigenvectors:
  1.000  0.000  0.000  0.000  0.000  0.000  0.000
  0.000  1.000  0.000  0.000  0.000  0.000  0.000
  0.000  0.000  1.000  0.000  0.000  0.000  0.000
  0.000  0.000  0.000  1.000  0.000  0.000  0.000
  0.000  0.000  0.000  0.000  1.000  0.000  0.000
  0.000  0.000  0.000  0.000  0.000  1.000  0.000
  0.000  0.000  0.000  0.000  0.000  0.000  1.000
    occupations:
  0.143  0.000  0.000  0.000  0.000  0.000  0.000
  0.000  0.143  0.000  0.000  0.000  0.000  0.000
  0.000  0.000  0.143  0.000  0.000  0.000  0.000
  0.000  0.000  0.000  0.143  0.000  0.000  0.000
  0.000  0.000  0.000  0.000  0.143  0.000  0.000
  0.000  0.000  0.000  0.000  0.000  0.143  0.000
  0.000  0.000  0.000  0.000  0.000  0.000  0.143
atom    2   Tr[ns(na)] =   4.00000
    eigenvalues: 
  0.667  0.667  0.667
    eigenvectors:
  1.000  0.000  0.000
  0.000  1.000  0.000
  0.000  0.000  1.000
    occupations:
  0.667  0.000  0.000
  0.000  0.667  0.000
  0.000  0.000  0.667
atom    3   Tr[ns(na)] =   4.00000
    eigenvalues: 
  0.667  0.667  0.667
    eigenvectors:
  1.000  0.000  0.000
  0.000  1.000  0.000
  0.000  0.000  1.000
    occupations:
  0.667  0.000  0.000
  0.000  0.667  0.000
  0.000  0.000  0.667
N of occupied +U levels =   10.000000
 --- exit write_ns ---
 Atomic wfc used for LDA+U Projector are NOT orthogonalized
     Starting wfc are   32 randomized atomic wfcs

     total cpu time spent up to now is        1.1 secs

     Self-consistent Calculation

     iteration #  1     ecut=   120.00 Ry     beta= 0.20
     Davidson diagonalization with overlap
     ethr =  1.00E-04,  avg # of iterations =  4.0
 --- enter write_ns ---
 LDA+U parameters:
U( 1)     =  5.00000000
alpha( 1) =  0.00000000
U( 2)     =  0.00010000
alpha( 2) =  0.00000000
atom    1   Tr[ns(na)] =   0.29492
    eigenvalues: 
  0.015  0.015  0.015  0.018  0.018  0.018  0.048
    eigenvectors:
  0.000  0.000  0.000  0.897  0.102  0.001  0.000
  0.137  0.199  0.289  0.036  0.330  0.009  0.000
  0.305  0.313  0.007  0.002  0.007  0.366  0.000
  0.293  0.181  0.526  0.000  0.000  0.000  0.000
  0.000  0.000  0.000  0.000  0.000  0.000  1.000
  0.082  0.119  0.173  0.060  0.550  0.015  0.000
  0.183  0.188  0.004  0.004  0.012  0.609  0.000
    occupations:
  0.018  0.000  0.000  0.000  0.000  0.000 -0.000
  0.000  0.016 -0.000 -0.000  0.000 -0.001 -0.000
  0.000 -0.000  0.016 -0.000 -0.000 -0.000  0.001
  0.000 -0.000 -0.000  0.015 -0.000 -0.000  0.000
  0.000  0.000 -0.000 -0.000  0.048 -0.000  0.000
  0.000 -0.001 -0.000 -0.000 -0.000  0.017  0.000
 -0.000 -0.000  0.001  0.000  0.000  0.000  0.017
atom    2   Tr[ns(na)] =   5.79607
    eigenvalues: 
  0.966  0.966  0.966
    eigenvectors:
  0.705  0.027  0.268
  0.295  0.064  0.640
  0.000  0.909  0.091
    occupations:
  0.966 -0.000  0.000
 -0.000  0.966 -0.000
  0.000 -0.000  0.966
atom    3   Tr[ns(na)] =   5.79607
    eigenvalues: 
  0.966  0.966  0.966
    eigenvectors:
  0.569  0.071  0.360
  0.430  0.065  0.505
  0.001  0.864  0.135
    occupations:
  0.966 -0.000  0.000
 -0.000  0.966 -0.000
  0.000 -0.000  0.966
N of occupied +U levels =   11.887063
 --- exit write_ns ---

     total cpu time spent up to now is        1.7 secs

     total energy              =    -161.21490419 Ry
     Harris-Foulkes estimate   =    -161.67619816 Ry
     estimated scf accuracy    <       1.52536473 Ry

     iteration #  2     ecut=   120.00 Ry     beta= 0.20
     Davidson diagonalization with overlap
     ethr =  6.36E-03,  avg # of iterations =  1.0

     total cpu time spent up to now is        2.1 secs

     total energy              =    -160.86202898 Ry
     Harris-Foulkes estimate   =    -161.26406183 Ry
     estimated scf accuracy    <       0.63634597 Ry

     iteration #  3     ecut=   120.00 Ry     beta= 0.20
     Davidson diagonalization with overlap
     ethr =  2.65E-03,  avg # of iterations =  3.6

     total cpu time spent up to now is        2.6 secs

     total energy              =    -160.94933502 Ry
     Harris-Foulkes estimate   =    -161.02260360 Ry
     estimated scf accuracy    <       0.17370998 Ry

     iteration #  4     ecut=   120.00 Ry     beta= 0.20
     Davidson diagonalization with overlap
     ethr =  7.24E-04,  avg # of iterations =  4.1

     total cpu time spent up to now is        3.2 secs

     total energy              =    -160.87190550 Ry
     Harris-Foulkes estimate   =    -161.18955734 Ry
     estimated scf accuracy    <       0.54750684 Ry

     iteration #  5     ecut=   120.00 Ry     beta= 0.20
     Davidson diagonalization with overlap
     ethr =  7.24E-04,  avg # of iterations =  5.5

     total cpu time spent up to now is        3.9 secs

     total energy              =    -161.03303873 Ry
     Harris-Foulkes estimate   =    -161.03044656 Ry
     estimated scf accuracy    <       0.16267805 Ry

     iteration #  6     ecut=   120.00 Ry     beta= 0.20
     Davidson diagonalization with overlap
     ethr =  6.78E-04,  avg # of iterations =  1.0

     total cpu time spent up to now is        4.3 secs

     total energy              =    -160.97340559 Ry
     Harris-Foulkes estimate   =    -161.03398629 Ry
     estimated scf accuracy    <       0.16821070 Ry

     iteration #  7     ecut=   120.00 Ry     beta= 0.20
     Davidson diagonalization with overlap
     ethr =  6.78E-04,  avg # of iterations =  4.1

     total cpu time spent up to now is        4.8 secs

     total energy              =    -161.01376943 Ry
     Harris-Foulkes estimate   =    -161.01356932 Ry
     estimated scf accuracy    <       0.01237802 Ry

     iteration #  8     ecut=   120.00 Ry     beta= 0.20
     Davidson diagonalization with overlap
     ethr =  5.16E-05,  avg # of iterations =  4.4

     total cpu time spent up to now is        5.2 secs

     total energy              =    -161.01536299 Ry
     Harris-Foulkes estimate   =    -161.01666663 Ry
     estimated scf accuracy    <       0.01695984 Ry

     iteration #  9     ecut=   120.00 Ry     beta= 0.20
     Davidson diagonalization with overlap
     ethr =  5.16E-05,  avg # of iterations =  1.0

     total cpu time spent up to now is        5.6 secs

     total energy              =    -161.00460744 Ry
     Harris-Foulkes estimate   =    -161.01543573 Ry
     estimated scf accuracy    <       0.01400334 Ry

     iteration # 10     ecut=   120.00 Ry     beta= 0.20
     Davidson diagonalization with overlap
     ethr =  5.16E-05,  avg # of iterations =  8.0

     total cpu time spent up to now is        6.4 secs

     total energy              =    -160.93561013 Ry
     Harris-Foulkes estimate   =    -161.06384580 Ry
     estimated scf accuracy    <       0.45841536 Ry

     iteration # 11     ecut=   120.00 Ry     beta= 0.20
     Davidson diagonalization with overlap
     ethr =  5.16E-05,  avg # of iterations =  5.8

     total cpu time spent up to now is        7.1 secs

     total energy              =    -161.00801722 Ry
     Harris-Foulkes estimate   =    -161.01532517 Ry
     estimated scf accuracy    <       0.00941382 Ry

     iteration # 12     ecut=   120.00 Ry     beta= 0.20
     Davidson diagonalization with overlap
     ethr =  3.92E-05,  avg # of iterations =  6.0

     total cpu time spent up to now is        7.8 secs

     total energy              =    -161.00803556 Ry
     Harris-Foulkes estimate   =    -161.02453207 Ry
     estimated scf accuracy    <       0.07155873 Ry

     iteration # 13     ecut=   120.00 Ry     beta= 0.20
     Davidson diagonalization with overlap
     ethr =  3.92E-05,  avg # of iterations =  5.4

     total cpu time spent up to now is        8.4 secs

     total energy              =    -161.01228591 Ry
     Harris-Foulkes estimate   =    -161.01363532 Ry
     estimated scf accuracy    <       0.00377628 Ry

     iteration # 14     ecut=   120.00 Ry     beta= 0.20
     Davidson diagonalization with overlap
     ethr =  1.57E-05,  avg # of iterations =  5.1

     total cpu time spent up to now is        8.9 secs

     total energy              =    -161.01326472 Ry
     Harris-Foulkes estimate   =    -161.01326911 Ry
     estimated scf accuracy    <       0.00005471 Ry

     iteration # 15     ecut=   120.00 Ry     beta= 0.20
     Davidson diagonalization with overlap
     ethr =  2.28E-07,  avg # of iterations =  5.6

     total cpu time spent up to now is        9.5 secs

     total energy              =    -161.01367730 Ry
     Harris-Foulkes estimate   =    -161.01347983 Ry
     estimated scf accuracy    <       0.00031128 Ry

     iteration # 16     ecut=   120.00 Ry     beta= 0.20
     Davidson diagonalization with overlap
     ethr =  2.28E-07,  avg # of iterations =  5.5

     total cpu time spent up to now is       10.2 secs

     total energy              =    -161.01450626 Ry
     Harris-Foulkes estimate   =    -161.01376444 Ry
     estimated scf accuracy    <       0.00168795 Ry

     iteration # 17     ecut=   120.00 Ry     beta= 0.20
     Davidson diagonalization with overlap
     ethr =  2.28E-07,  avg # of iterations =  6.2

     total cpu time spent up to now is       10.9 secs

     total energy              =    -161.01311369 Ry
     Harris-Foulkes estimate   =    -161.01474282 Ry
     estimated scf accuracy    <       0.00627241 Ry

     iteration # 18     ecut=   120.00 Ry     beta= 0.20
     Davidson diagonalization with overlap
     ethr =  2.28E-07,  avg # of iterations =  8.1

     total cpu time spent up to now is       11.7 secs

     total energy              =    -161.01339340 Ry
     Harris-Foulkes estimate   =    -161.01354213 Ry
     estimated scf accuracy    <       0.00067671 Ry

     iteration # 19     ecut=   120.00 Ry     beta= 0.20
     Davidson diagonalization with overlap
     ethr =  2.28E-07,  avg # of iterations =  5.5

     total cpu time spent up to now is       12.3 secs

     total energy              =    -161.01337949 Ry
     Harris-Foulkes estimate   =    -161.01343413 Ry
     estimated scf accuracy    <       0.00009859 Ry

     iteration # 20     ecut=   120.00 Ry     beta= 0.20
     Davidson diagonalization with overlap
     ethr =  2.28E-07,  avg # of iterations =  5.4

     total cpu time spent up to now is       12.9 secs

     total energy              =    -161.01341723 Ry
     Harris-Foulkes estimate   =    -161.01342848 Ry
     estimated scf accuracy    <       0.00007115 Ry

     iteration # 21     ecut=   120.00 Ry     beta= 0.20
     Davidson diagonalization with overlap
     ethr =  2.28E-07,  avg # of iterations =  1.0

     total cpu time spent up to now is       13.3 secs

     total energy              =    -161.01341277 Ry
     Harris-Foulkes estimate   =    -161.01341811 Ry
     estimated scf accuracy    <       0.00004462 Ry

     iteration # 22     ecut=   120.00 Ry     beta= 0.20
     Davidson diagonalization with overlap
     ethr =  1.86E-07,  avg # of iterations =  1.0

     total cpu time spent up to now is       13.7 secs

     total energy              =    -161.01341344 Ry
     Harris-Foulkes estimate   =    -161.01341353 Ry
     estimated scf accuracy    <       0.00002918 Ry

     iteration # 23     ecut=   120.00 Ry     beta= 0.20
     Davidson diagonalization with overlap
     ethr =  1.22E-07,  avg # of iterations =  1.8

     total cpu time spent up to now is       14.1 secs

     total energy              =    -161.01341016 Ry
     Harris-Foulkes estimate   =    -161.01341423 Ry
     estimated scf accuracy    <       0.00002341 Ry

     iteration # 24     ecut=   120.00 Ry     beta= 0.20
     Davidson diagonalization with overlap
     ethr =  9.75E-08,  avg # of iterations =  4.1

     total cpu time spent up to now is       14.6 secs

     total energy              =    -161.01341294 Ry
     Harris-Foulkes estimate   =    -161.01341394 Ry
     estimated scf accuracy    <       0.00000258 Ry

     iteration # 25     ecut=   120.00 Ry     beta= 0.20
     Davidson diagonalization with overlap
     ethr =  1.08E-08,  avg # of iterations =  5.9

     total cpu time spent up to now is       15.3 secs

     total energy              =    -161.01342362 Ry
     Harris-Foulkes estimate   =    -161.01342011 Ry
     estimated scf accuracy    <       0.00002302 Ry

     iteration # 26     ecut=   120.00 Ry     beta= 0.20
     Davidson diagonalization with overlap
     ethr =  1.08E-08,  avg # of iterations =  4.4

     total cpu time spent up to now is       15.7 secs

     total energy              =    -161.01342039 Ry
     Harris-Foulkes estimate   =    -161.01342419 Ry
     estimated scf accuracy    <       0.00004027 Ry

     iteration # 27     ecut=   120.00 Ry     beta= 0.20
     Davidson diagonalization with overlap
     ethr =  1.08E-08,  avg # of iterations =  2.9

     total cpu time spent up to now is       16.2 secs

     total energy              =    -161.01341932 Ry
     Harris-Foulkes estimate   =    -161.01342064 Ry
     estimated scf accuracy    <       0.00002767 Ry

     iteration # 28     ecut=   120.00 Ry     beta= 0.20
     Davidson diagonalization with overlap
     ethr =  1.08E-08,  avg # of iterations =  1.5

     total cpu time spent up to now is       16.6 secs

     total energy              =    -161.01341871 Ry
     Harris-Foulkes estimate   =    -161.01341939 Ry
     estimated scf accuracy    <       0.00002379 Ry

     iteration # 29     ecut=   120.00 Ry     beta= 0.20
     Davidson diagonalization with overlap
     ethr =  1.08E-08,  avg # of iterations =  1.9

     total cpu time spent up to now is       17.0 secs

     total energy              =    -161.01341812 Ry
     Harris-Foulkes estimate   =    -161.01341878 Ry
     estimated scf accuracy    <       0.00002101 Ry

     iteration # 30     ecut=   120.00 Ry     beta= 0.20
     Davidson diagonalization with overlap
     ethr =  1.08E-08,  avg # of iterations =  2.2

     total cpu time spent up to now is       17.4 secs

     total energy              =    -161.01341888 Ry
     Harris-Foulkes estimate   =    -161.01341824 Ry
     estimated scf accuracy    <       0.00001771 Ry

     iteration # 31     ecut=   120.00 Ry     beta= 0.20
     Davidson diagonalization with overlap
     ethr =  1.08E-08,  avg # of iterations =  1.0

     total cpu time spent up to now is       17.7 secs

     total energy              =    -161.01341841 Ry
     Harris-Foulkes estimate   =    -161.01341890 Ry
     estimated scf accuracy    <       0.00001884 Ry

     iteration # 32     ecut=   120.00 Ry     beta= 0.20
     Davidson diagonalization with overlap
     ethr =  1.08E-08,  avg # of iterations =  1.5

     total cpu time spent up to now is       18.1 secs

     total energy              =    -161.01341542 Ry
     Harris-Foulkes estimate   =    -161.01341845 Ry
     estimated scf accuracy    <       0.00001690 Ry

     iteration # 33     ecut=   120.00 Ry     beta= 0.20
     Davidson diagonalization with overlap
     ethr =  1.08E-08,  avg # of iterations =  4.9

     total cpu time spent up to now is       18.7 secs

     total energy              =    -161.01341361 Ry
     Harris-Foulkes estimate   =    -161.01341640 Ry
     estimated scf accuracy    <       0.00000308 Ry

     iteration # 34     ecut=   120.00 Ry     beta= 0.20
     Davidson diagonalization with overlap
     ethr =  1.08E-08,  avg # of iterations =  6.1

     total cpu time spent up to now is       19.4 secs

     total energy              =    -161.01341048 Ry
     Harris-Foulkes estimate   =    -161.01341954 Ry
     estimated scf accuracy    <       0.00002173 Ry

     iteration # 35     ecut=   120.00 Ry     beta= 0.20
     Davidson diagonalization with overlap
     ethr =  1.08E-08,  avg # of iterations =  5.8

     total cpu time spent up to now is       20.1 secs

     total energy              =    -161.01341549 Ry
     Harris-Foulkes estimate   =    -161.01341657 Ry
     estimated scf accuracy    <       0.00000454 Ry

     iteration # 36     ecut=   120.00 Ry     beta= 0.20
     Davidson diagonalization with overlap
     ethr =  1.08E-08,  avg # of iterations =  4.6

     total cpu time spent up to now is       20.7 secs

     total energy              =    -161.01341624 Ry
     Harris-Foulkes estimate   =    -161.01341639 Ry
     estimated scf accuracy    <       0.00000038 Ry

     iteration # 37     ecut=   120.00 Ry     beta= 0.20
     Davidson diagonalization with overlap
     ethr =  1.57E-09,  avg # of iterations =  5.5

     total cpu time spent up to now is       21.3 secs

     total energy              =    -161.01341704 Ry
     Harris-Foulkes estimate   =    -161.01341639 Ry
     estimated scf accuracy    <       0.00000016 Ry

     iteration # 38     ecut=   120.00 Ry     beta= 0.20
     Davidson diagonalization with overlap
     ethr =  6.86E-10,  avg # of iterations =  8.1

     total cpu time spent up to now is       22.1 secs

     total energy              =    -161.01341642 Ry
     Harris-Foulkes estimate   =    -161.01341834 Ry
     estimated scf accuracy    <       0.00001066 Ry

     iteration # 39     ecut=   120.00 Ry     beta= 0.20
     Davidson diagonalization with overlap
     ethr =  6.86E-10,  avg # of iterations =  5.8

     total cpu time spent up to now is       22.8 secs

     total energy              =    -161.01341632 Ry
     Harris-Foulkes estimate   =    -161.01341684 Ry
     estimated scf accuracy    <       0.00000240 Ry

     iteration # 40     ecut=   120.00 Ry     beta= 0.20
     Davidson diagonalization with overlap
     ethr =  6.86E-10,  avg # of iterations =  5.6

     total cpu time spent up to now is       23.4 secs

     total energy              =    -161.01341660 Ry
     Harris-Foulkes estimate   =    -161.01341648 Ry
     estimated scf accuracy    <       0.00000025 Ry

     iteration # 41     ecut=   120.00 Ry     beta= 0.20
     Davidson diagonalization with overlap
     ethr =  6.86E-10,  avg # of iterations =  4.8

     total cpu time spent up to now is       23.9 secs

     total energy              =    -161.01341640 Ry
     Harris-Foulkes estimate   =    -161.01341665 Ry
     estimated scf accuracy    <       0.00000111 Ry

     iteration # 42     ecut=   120.00 Ry     beta= 0.20
     Davidson diagonalization with overlap
     ethr =  6.86E-10,  avg # of iterations =  5.1

     total cpu time spent up to now is       24.5 secs

     total energy              =    -161.01341640 Ry
     Harris-Foulkes estimate   =    -161.01341646 Ry
     estimated scf accuracy    <       0.00000018 Ry

     iteration # 43     ecut=   120.00 Ry     beta= 0.20
     Davidson diagonalization with overlap
     ethr =  6.86E-10,  avg # of iterations =  3.8

     total cpu time spent up to now is       24.9 secs

     End of self-consistent calculation
 --- enter write_ns ---
 LDA+U parameters:
U( 1)     =  5.00000000
alpha( 1) =  0.00000000
U( 2)     =  0.00010000
alpha( 2) =  0.00000000
atom    1   Tr[ns(na)] =   0.82524
    eigenvalues: 
  0.032  0.032  0.032  0.052  0.052  0.052  0.161
    eigenvectors:
  0.000  0.000  0.000  0.832  0.167  0.001  0.000
  0.158  0.411  0.056  0.059  0.302  0.014  0.000
  0.429  0.190  0.006  0.004  0.010  0.361  0.000
  0.060  0.039  0.901  0.000  0.000  0.000  0.000
  0.000  0.000  0.000  0.000  0.000  0.000  1.000
  0.095  0.247  0.033  0.098  0.504  0.023  0.000
  0.257  0.114  0.004  0.007  0.017  0.601  0.000
    occupations:
  0.052  0.000  0.000  0.000  0.000  0.000 -0.000
  0.000  0.039 -0.000 -0.000  0.000 -0.009 -0.000
  0.000 -0.000  0.039 -0.000 -0.000 -0.000  0.009
  0.000 -0.000 -0.000  0.032 -0.000 -0.000  0.000
  0.000  0.000 -0.000 -0.000  0.161 -0.000  0.000
  0.000 -0.009 -0.000 -0.000 -0.000  0.044  0.000
 -0.000 -0.000  0.009  0.000  0.000  0.000  0.044
atom    2   Tr[ns(na)] =   5.50710
    eigenvalues: 
  0.918  0.918  0.918
    eigenvectors:
  0.465  0.068  0.468
  0.530  0.022  0.448
  0.005  0.911  0.084
    occupations:
  0.918 -0.000  0.000
 -0.000  0.918 -0.000
  0.000 -0.000  0.918
atom    3   Tr[ns(na)] =   5.50710
    eigenvalues: 
  0.918  0.918  0.918
    eigenvectors:
  0.445  0.105  0.451
  0.548  0.033  0.419
  0.008  0.862  0.130
    occupations:
  0.918 -0.000  0.000
 -0.000  0.918 -0.000
  0.000 -0.000  0.918
N of occupied +U levels =   11.839446
 --- exit write_ns ---

          k = 0.0000 0.0000 0.0000 (  5961 PWs)   bands (ev):

   -22.3685  -4.8384  -4.3095  -4.3095  -4.3095  -3.6520   7.4615   7.4615
     7.4615  11.1968  11.1968  11.1968

          k =-0.2500 0.2500-0.2500 (  5952 PWs)   bands (ev):

   -22.2790  -6.6076  -4.4172  -4.4172  -4.1988  -2.2839   7.9666   7.9666
     8.8570  10.6111  10.8977  10.8977

          k = 0.5000-0.5000 0.5000 (  5936 PWs)   bands (ev):

   -22.1868  -7.4355  -4.6337  -4.5186  -4.5186  -1.1937   8.3518   8.3518
    10.2140  10.2287  10.8905  10.8905

          k = 0.0000 0.5000 0.0000 (  5942 PWs)   bands (ev):

   -22.2490  -6.8504  -4.5821  -4.5821  -4.1372  -1.9437   8.4379   8.4379
     9.0107   9.1209  11.4171  11.4171

          k = 0.7500-0.2500 0.7500 (  5924 PWs)   bands (ev):

   -22.1559  -7.2958  -6.0404  -4.6806  -3.0554  -1.4166   8.3710   9.1669
     9.3866  10.5453  10.8986  11.1915

          k = 0.5000 0.0000 0.5000 (  5933 PWs)   bands (ev):

   -22.1867  -6.9670  -6.2019  -4.5232  -2.5686  -2.1093   8.5998   8.8384
     9.6173  10.0810  10.1895  11.5908

          k = 0.0000-1.0000 0.0000 (  5914 PWs)   bands (ev):

   -22.1260  -7.7325  -4.8320  -4.8320  -4.5603  -0.6141   7.3568  10.3170
    10.3170  10.6358  10.6358  11.0936

          k =-0.5000-1.0000 0.0000 (  5940 PWs)   bands (ev):

   -22.1241  -6.9223  -6.9223  -4.8603  -1.9621  -1.9621   8.5317   8.9470
    10.4369  10.4369  10.7606  10.9724

     highest occupied level (ev):    11.5908

!    total energy              =    -161.01341643 Ry
     Harris-Foulkes estimate   =    -161.01341643 Ry
     estimated scf accuracy    <          2.8E-09 Ry

     The total energy is the sum of the following terms:

     one-electron contribution =     -12.42318188 Ry
     hartree contribution      =      23.84656833 Ry
     xc contribution           =     -45.43377500 Ry
     ewald contribution        =    -127.14101816 Ry
     Hubbard energy            =       0.13799029 Ry

     convergence has been achieved in  43 iterations

     Forces acting on atoms (cartesian axes, Ry/au):

     atom    1 type  1   force =    -0.00000000   -0.00000000    0.00000000
     atom    2 type  2   force =     0.00000000    0.00000000    0.00000000
     atom    3 type  2   force =     0.00000000    0.00000000    0.00000000

     Total force =     0.000000     Total SCF correction =     0.000000


     Computing stress (Cartesian axis) and pressure

          total   stress  (Ry/bohr**3)                   (kbar)     P=   99.99
   0.00067974  -0.00000000  -0.00000000         99.99     -0.00     -0.00
  -0.00000000   0.00067974   0.00000000         -0.00     99.99      0.00
  -0.00000000   0.00000000   0.00067974         -0.00      0.00     99.99


     Writing output data file ceo2.save
 
     init_run     :      0.59s CPU      0.60s WALL (       1 calls)
     electrons    :     22.85s CPU     23.89s WALL (       1 calls)
     forces       :      0.09s CPU      0.11s WALL (       1 calls)
     stress       :      0.88s CPU      0.89s WALL (       1 calls)

     Called by init_run:
     wfcinit      :      0.35s CPU      0.36s WALL (       1 calls)
     potinit      :      0.04s CPU      0.05s WALL (       1 calls)

     Called by electrons:
     c_bands      :     18.47s CPU     19.22s WALL (      43 calls)
     sum_band     :      3.14s CPU      3.39s WALL (      43 calls)
     v_of_rho     :      0.96s CPU      0.98s WALL (      44 calls)
     mix_rho      :      0.27s CPU      0.28s WALL (      43 calls)

     Called by c_bands:
     init_us_2    :      0.68s CPU      0.74s WALL (     800 calls)
     cegterg      :     17.71s CPU     18.37s WALL (     344 calls)

     Called by sum_band:

     Called by *egterg:
     h_psi        :     15.88s CPU     16.51s WALL (    1828 calls)
     g_psi        :      0.06s CPU      0.08s WALL (    1476 calls)
     cdiaghg      :      0.44s CPU      0.53s WALL (    1820 calls)

     Called by h_psi:
     h_psi:pot    :     15.40s CPU     16.03s WALL (    1828 calls)
     h_psi:calbec :      0.35s CPU      0.38s WALL (    1828 calls)
     vloc_psi     :     14.86s CPU     15.46s WALL (    1828 calls)
     add_vuspsi   :      0.18s CPU      0.17s WALL (    1828 calls)
     vhpsi        :      0.36s CPU      0.35s WALL (    1828 calls)

     General routines
     calbec       :      0.72s CPU      0.74s WALL (    5144 calls)
     fft          :      0.39s CPU      0.43s WALL (     465 calls)
     ffts         :      0.04s CPU      0.04s WALL (      43 calls)
     fftw         :     15.59s CPU     16.25s WALL (   30812 calls)
     davcio       :      0.00s CPU      0.00s WALL (       8 calls)
 
     Parallel routines
     fft_scatt_xy :      1.58s CPU      1.63s WALL (   31320 calls)
     fft_scatt_yz :      2.44s CPU      2.59s WALL (   31320 calls)

     Hubbard U routines
     new_ns       :      0.09s CPU      0.10s WALL (      43 calls)
     vhpsi        :      0.36s CPU      0.35s WALL (    1828 calls)
     force_hub    :      0.04s CPU      0.04s WALL (       1 calls)
     stres_hub    :      0.66s CPU      0.67s WALL (       1 calls)
 
     PWSCF        :    24.87s CPU        25.98s WALL

 
   This run was terminated on:  15:10:14   8Mar2018            

=------------------------------------------------------------------------------=
   JOB DONE.
=------------------------------------------------------------------------------=
