
     Program PWSCF v.6.5 starts on 13Dec2019 at 15: 9:36 

     This program is part of the open-source Quantum ESPRESSO suite
     for quantum simulation of materials; please cite
         "P. Giannozzi et al., J. Phys.:Condens. Matter 21 395502 (2009);
         "P. Giannozzi et al., J. Phys.:Condens. Matter 29 465901 (2017);
          URL http://www.quantum-espresso.org", 
     in publications or presentations arising from this work. More details at
     http://www.quantum-espresso.org/quote

     Parallel version (MPI), running on     4 processors

     MPI processes distributed on     1 nodes
     R & G space division:  proc/nbgrp/npool/nimage =       4
     Waiting for input...
     Reading input from standard input

     Current dimensions of program PWSCF are:
     Max number of different atomic species (ntypx) = 10
     Max number of k-points (npk) =  40000
     Max angular momentum in pseudopotentials (lmaxx) =  3
     WARNING: atomic wfc #  2 for atom type 1 has zero norm
     WARNING: atomic wfc #  5 for atom type 1 has zero norm
     WARNING: atomic wfc #  7 for atom type 1 has zero norm

     Subspace diagonalization in iterative solution of the eigenvalue problem:
     one sub-group per band group will be used
     scalapack distributed-memory algorithm (size of sub-group:  2*  2 procs)

 
     Parallelization info
     --------------------
     sticks:   dense  smooth     PW     G-vecs:    dense   smooth      PW
     Min         433     433    124                11861    11861    1779
     Max         434     434    126                11863    11863    1781
     Sum        1735    1735    499                47447    47447    7119
 


     bravais-lattice index     =            2
     lattice parameter (alat)  =      10.2229  a.u.
     unit-cell volume          =     267.0921 (a.u.)^3
     number of atoms/cell      =            3
     number of atomic types    =            2
     number of electrons       =        24.00
     number of Kohn-Sham states=           12
     kinetic-energy cutoff     =     120.0000  Ry
     charge density cutoff     =     480.0000  Ry
     convergence threshold     =      1.0E-08
     mixing beta               =       0.2000
     number of iterations used =            8  plain     mixing
     Exchange-correlation=  SLA  PW   PBX  PBC
                           (   1   4   3   4   0   0   0)

     celldm(1)=  10.222889  celldm(2)=   0.000000  celldm(3)=   0.000000
     celldm(4)=   0.000000  celldm(5)=   0.000000  celldm(6)=   0.000000

     crystal axes: (cart. coord. in units of alat)
               a(1) = (  -0.500000   0.000000   0.500000 )  
               a(2) = (   0.000000   0.500000   0.500000 )  
               a(3) = (  -0.500000   0.500000   0.000000 )  

     reciprocal axes: (cart. coord. in units 2 pi/alat)
               b(1) = ( -1.000000 -1.000000  1.000000 )  
               b(2) = (  1.000000  1.000000  1.000000 )  
               b(3) = ( -1.000000  1.000000 -1.000000 )  


     PseudoPot. # 1 for Ce read from file:
     ./pseudo/Ce.pbe-tm-semi-dc-dipaw.UPF
     MD5 check sum: 6824a9a3529fdd92587692c433c8c225
     Pseudo is Norm-conserving + core correction, Zval = 12.0
     Generated using "atomic" code by A. Dal Corso v.6.2
     Using radial grid of 1667 points,  3 beta functions with: 
                l(1) =   3
                l(2) =   2
                l(3) =   1

     PseudoPot. # 2 for O  read from file:
     ./pseudo/O.pbe-tm-gipaw-dc.UPF
     MD5 check sum: cd70c9dcf1f7d755502eb127a1501eea
     Pseudo is Norm-conserving, Zval =  6.0
     Generated by new atomic code, or converted to UPF format
     Using radial grid of 1469 points,  1 beta functions with: 
                l(1) =   0

     atomic species   valence    mass     pseudopotential
        Ce            12.00   140.11600     Ce( 1.00)
        O              6.00    15.99940     O ( 1.00)

     48 Sym. Ops., with inversion, found



   Cartesian axes

     site n.     atom                  positions (alat units)
         1           Ce  tau(   1) = (   0.0000000   0.0000000   0.0000000  )
         2           O   tau(   2) = (   0.2500000   0.2500000   0.2500000  )
         3           O   tau(   3) = (   0.7500000   0.7500000   0.7500000  )

     number of k points=     8
                       cart. coord. in units 2pi/alat
        k(    1) = (   0.0000000   0.0000000   0.0000000), wk =   0.0312500
        k(    2) = (  -0.2500000   0.2500000  -0.2500000), wk =   0.2500000
        k(    3) = (   0.5000000  -0.5000000   0.5000000), wk =   0.1250000
        k(    4) = (   0.0000000   0.5000000   0.0000000), wk =   0.1875000
        k(    5) = (   0.7500000  -0.2500000   0.7500000), wk =   0.7500000
        k(    6) = (   0.5000000   0.0000000   0.5000000), wk =   0.3750000
        k(    7) = (   0.0000000  -1.0000000   0.0000000), wk =   0.0937500
        k(    8) = (  -0.5000000  -1.0000000   0.0000000), wk =   0.1875000

     Dense  grid:    47447 G-vectors     FFT dimensions: (  54,  54,  54)

     Estimated max dynamical RAM per process >      15.41 MB

     Estimated total dynamical RAM >      61.64 MB

     Initial potential from superposition of free atoms

     starting charge   21.99999, renormalised to   24.00000
     Starting wfcs are   32 randomized atomic wfcs

     total cpu time spent up to now is        0.9 secs

     Self-consistent Calculation

     iteration #  1     ecut=   120.00 Ry     beta= 0.20
     Davidson diagonalization with overlap
     ethr =  1.00E-04,  avg # of iterations =  4.0

     total cpu time spent up to now is        1.4 secs

     total energy              =    -161.29451420 Ry
     Harris-Foulkes estimate   =    -161.76956347 Ry
     estimated scf accuracy    <       1.45266258 Ry

     iteration #  2     ecut=   120.00 Ry     beta= 0.20
     Davidson diagonalization with overlap
     ethr =  6.05E-03,  avg # of iterations =  1.0

     total cpu time spent up to now is        1.6 secs

     total energy              =    -160.96475143 Ry
     Harris-Foulkes estimate   =    -161.34207690 Ry
     estimated scf accuracy    <       0.60380637 Ry

     iteration #  3     ecut=   120.00 Ry     beta= 0.20
     Davidson diagonalization with overlap
     ethr =  2.52E-03,  avg # of iterations =  5.1

     total cpu time spent up to now is        2.1 secs

     total energy              =    -160.13178037 Ry
     Harris-Foulkes estimate   =    -161.32686481 Ry
     estimated scf accuracy    <       2.01098295 Ry

     iteration #  4     ecut=   120.00 Ry     beta= 0.20
     Davidson diagonalization with overlap
     ethr =  2.52E-03,  avg # of iterations =  4.0

     total cpu time spent up to now is        2.5 secs

     total energy              =    -160.96412482 Ry
     Harris-Foulkes estimate   =    -161.92805050 Ry
     estimated scf accuracy    <       1.92170794 Ry

     iteration #  5     ecut=   120.00 Ry     beta= 0.20
     Davidson diagonalization with overlap
     ethr =  2.52E-03,  avg # of iterations =  3.1

     total cpu time spent up to now is        2.9 secs

     total energy              =    -161.14753608 Ry
     Harris-Foulkes estimate   =    -161.15111080 Ry
     estimated scf accuracy    <       0.15092525 Ry

     iteration #  6     ecut=   120.00 Ry     beta= 0.20
     Davidson diagonalization with overlap
     ethr =  6.29E-04,  avg # of iterations =  4.1

     total cpu time spent up to now is        3.2 secs

     total energy              =    -161.16887724 Ry
     Harris-Foulkes estimate   =    -161.17499115 Ry
     estimated scf accuracy    <       0.06328569 Ry

     iteration #  7     ecut=   120.00 Ry     beta= 0.20
     Davidson diagonalization with overlap
     ethr =  2.64E-04,  avg # of iterations =  2.8

     total cpu time spent up to now is        3.5 secs

     total energy              =    -161.17512623 Ry
     Harris-Foulkes estimate   =    -161.17442964 Ry
     estimated scf accuracy    <       0.03761007 Ry

     iteration #  8     ecut=   120.00 Ry     beta= 0.20
     Davidson diagonalization with overlap
     ethr =  1.57E-04,  avg # of iterations =  1.4

     total cpu time spent up to now is        3.8 secs

     total energy              =    -161.16344865 Ry
     Harris-Foulkes estimate   =    -161.17643129 Ry
     estimated scf accuracy    <       0.03431819 Ry

     iteration #  9     ecut=   120.00 Ry     beta= 0.20
     Davidson diagonalization with overlap
     ethr =  1.43E-04,  avg # of iterations =  4.9

     total cpu time spent up to now is        4.2 secs

     total energy              =    -161.17907845 Ry
     Harris-Foulkes estimate   =    -161.18070746 Ry
     estimated scf accuracy    <       0.01856522 Ry

     iteration # 10     ecut=   120.00 Ry     beta= 0.20
     Davidson diagonalization with overlap
     ethr =  7.74E-05,  avg # of iterations =  1.5

     total cpu time spent up to now is        4.5 secs

     total energy              =    -161.17860158 Ry
     Harris-Foulkes estimate   =    -161.17944629 Ry
     estimated scf accuracy    <       0.01547615 Ry

     iteration # 11     ecut=   120.00 Ry     beta= 0.20
     Davidson diagonalization with overlap
     ethr =  6.45E-05,  avg # of iterations =  1.0

     total cpu time spent up to now is        4.7 secs

     total energy              =    -161.17901329 Ry
     Harris-Foulkes estimate   =    -161.17871250 Ry
     estimated scf accuracy    <       0.01306117 Ry

     iteration # 12     ecut=   120.00 Ry     beta= 0.20
     Davidson diagonalization with overlap
     ethr =  5.44E-05,  avg # of iterations =  1.0

     total cpu time spent up to now is        5.0 secs

     total energy              =    -161.17463922 Ry
     Harris-Foulkes estimate   =    -161.17908623 Ry
     estimated scf accuracy    <       0.01336493 Ry

     iteration # 13     ecut=   120.00 Ry     beta= 0.20
     Davidson diagonalization with overlap
     ethr =  5.44E-05,  avg # of iterations =  4.2

     total cpu time spent up to now is        5.3 secs

     total energy              =    -161.17765661 Ry
     Harris-Foulkes estimate   =    -161.17877007 Ry
     estimated scf accuracy    <       0.00260509 Ry

     iteration # 14     ecut=   120.00 Ry     beta= 0.20
     Davidson diagonalization with overlap
     ethr =  1.09E-05,  avg # of iterations =  5.2

     total cpu time spent up to now is        5.7 secs

     total energy              =    -161.17835697 Ry
     Harris-Foulkes estimate   =    -161.17857819 Ry
     estimated scf accuracy    <       0.00057556 Ry

     iteration # 15     ecut=   120.00 Ry     beta= 0.20
     Davidson diagonalization with overlap
     ethr =  2.40E-06,  avg # of iterations =  5.6

     total cpu time spent up to now is        6.2 secs

     total energy              =    -161.17859749 Ry
     Harris-Foulkes estimate   =    -161.17858520 Ry
     estimated scf accuracy    <       0.00002342 Ry

     iteration # 16     ecut=   120.00 Ry     beta= 0.20
     Davidson diagonalization with overlap
     ethr =  9.76E-08,  avg # of iterations =  5.9

     total cpu time spent up to now is        6.7 secs

     total energy              =    -161.17864320 Ry
     Harris-Foulkes estimate   =    -161.17862515 Ry
     estimated scf accuracy    <       0.00015544 Ry

     iteration # 17     ecut=   120.00 Ry     beta= 0.20
     Davidson diagonalization with overlap
     ethr =  9.76E-08,  avg # of iterations =  3.4

     total cpu time spent up to now is        7.0 secs

     total energy              =    -161.17877097 Ry
     Harris-Foulkes estimate   =    -161.17864515 Ry
     estimated scf accuracy    <       0.00023205 Ry

     iteration # 18     ecut=   120.00 Ry     beta= 0.20
     Davidson diagonalization with overlap
     ethr =  9.76E-08,  avg # of iterations =  5.8

     total cpu time spent up to now is        7.5 secs

     total energy              =    -161.17911712 Ry
     Harris-Foulkes estimate   =    -161.17887149 Ry
     estimated scf accuracy    <       0.00178114 Ry

     iteration # 19     ecut=   120.00 Ry     beta= 0.20
     Davidson diagonalization with overlap
     ethr =  9.76E-08,  avg # of iterations =  5.8

     total cpu time spent up to now is        8.0 secs

     total energy              =    -161.17835560 Ry
     Harris-Foulkes estimate   =    -161.17916225 Ry
     estimated scf accuracy    <       0.00366190 Ry

     iteration # 20     ecut=   120.00 Ry     beta= 0.20
     Davidson diagonalization with overlap
     ethr =  9.76E-08,  avg # of iterations =  8.5

     total cpu time spent up to now is        8.6 secs

     total energy              =    -161.17858720 Ry
     Harris-Foulkes estimate   =    -161.17862610 Ry
     estimated scf accuracy    <       0.00020351 Ry

     iteration # 21     ecut=   120.00 Ry     beta= 0.20
     Davidson diagonalization with overlap
     ethr =  9.76E-08,  avg # of iterations =  5.4

     total cpu time spent up to now is        9.0 secs

     total energy              =    -161.17859901 Ry
     Harris-Foulkes estimate   =    -161.17860172 Ry
     estimated scf accuracy    <       0.00001427 Ry

     iteration # 22     ecut=   120.00 Ry     beta= 0.20
     Davidson diagonalization with overlap
     ethr =  5.95E-08,  avg # of iterations =  1.2

     total cpu time spent up to now is        9.3 secs

     total energy              =    -161.17859453 Ry
     Harris-Foulkes estimate   =    -161.17859942 Ry
     estimated scf accuracy    <       0.00000721 Ry

     iteration # 23     ecut=   120.00 Ry     beta= 0.20
     Davidson diagonalization with overlap
     ethr =  3.00E-08,  avg # of iterations =  5.5

     total cpu time spent up to now is        9.8 secs

     total energy              =    -161.17859779 Ry
     Harris-Foulkes estimate   =    -161.17861509 Ry
     estimated scf accuracy    <       0.00009275 Ry

     iteration # 24     ecut=   120.00 Ry     beta= 0.20
     Davidson diagonalization with overlap
     ethr =  3.00E-08,  avg # of iterations =  5.1

     total cpu time spent up to now is       10.2 secs

     total energy              =    -161.17859716 Ry
     Harris-Foulkes estimate   =    -161.17860261 Ry
     estimated scf accuracy    <       0.00001168 Ry

     iteration # 25     ecut=   120.00 Ry     beta= 0.20
     Davidson diagonalization with overlap
     ethr =  3.00E-08,  avg # of iterations =  5.1

     total cpu time spent up to now is       10.7 secs

     total energy              =    -161.17859673 Ry
     Harris-Foulkes estimate   =    -161.17860263 Ry
     estimated scf accuracy    <       0.00000979 Ry

     iteration # 26     ecut=   120.00 Ry     beta= 0.20
     Davidson diagonalization with overlap
     ethr =  3.00E-08,  avg # of iterations =  5.2

     total cpu time spent up to now is       11.2 secs

     total energy              =    -161.17860630 Ry
     Harris-Foulkes estimate   =    -161.17860456 Ry
     estimated scf accuracy    <       0.00002263 Ry

     iteration # 27     ecut=   120.00 Ry     beta= 0.20
     Davidson diagonalization with overlap
     ethr =  3.00E-08,  avg # of iterations =  1.0

     total cpu time spent up to now is       11.4 secs

     total energy              =    -161.17861771 Ry
     Harris-Foulkes estimate   =    -161.17860636 Ry
     estimated scf accuracy    <       0.00002687 Ry

     iteration # 28     ecut=   120.00 Ry     beta= 0.20
     Davidson diagonalization with overlap
     ethr =  3.00E-08,  avg # of iterations =  5.0

     total cpu time spent up to now is       11.9 secs

     total energy              =    -161.17858004 Ry
     Harris-Foulkes estimate   =    -161.17862475 Ry
     estimated scf accuracy    <       0.00015900 Ry

     iteration # 29     ecut=   120.00 Ry     beta= 0.20
     Davidson diagonalization with overlap
     ethr =  3.00E-08,  avg # of iterations =  5.4

     total cpu time spent up to now is       12.4 secs

     total energy              =    -161.17860102 Ry
     Harris-Foulkes estimate   =    -161.17860108 Ry
     estimated scf accuracy    <       0.00000015 Ry

     iteration # 30     ecut=   120.00 Ry     beta= 0.20
     Davidson diagonalization with overlap
     ethr =  6.18E-10,  avg # of iterations =  6.0

     total cpu time spent up to now is       12.9 secs

     total energy              =    -161.17860134 Ry
     Harris-Foulkes estimate   =    -161.17860116 Ry
     estimated scf accuracy    <       0.00000005 Ry

     iteration # 31     ecut=   120.00 Ry     beta= 0.20
     Davidson diagonalization with overlap
     ethr =  2.11E-10,  avg # of iterations =  6.9

     total cpu time spent up to now is       13.4 secs

     total energy              =    -161.17860085 Ry
     Harris-Foulkes estimate   =    -161.17860172 Ry
     estimated scf accuracy    <       0.00000369 Ry

     iteration # 32     ecut=   120.00 Ry     beta= 0.20
     Davidson diagonalization with overlap
     ethr =  2.11E-10,  avg # of iterations =  5.9

     total cpu time spent up to now is       13.9 secs

     total energy              =    -161.17860112 Ry
     Harris-Foulkes estimate   =    -161.17860117 Ry
     estimated scf accuracy    <       0.00000010 Ry

     iteration # 33     ecut=   120.00 Ry     beta= 0.20
     Davidson diagonalization with overlap
     ethr =  2.11E-10,  avg # of iterations =  5.6

     total cpu time spent up to now is       14.4 secs

     total energy              =    -161.17860117 Ry
     Harris-Foulkes estimate   =    -161.17860117 Ry
     estimated scf accuracy    <       0.00000010 Ry

     iteration # 34     ecut=   120.00 Ry     beta= 0.20
     Davidson diagonalization with overlap
     ethr =  2.11E-10,  avg # of iterations =  1.0

     total cpu time spent up to now is       14.7 secs

     total energy              =    -161.17860114 Ry
     Harris-Foulkes estimate   =    -161.17860117 Ry
     estimated scf accuracy    <       0.00000009 Ry

     iteration # 35     ecut=   120.00 Ry     beta= 0.20
     Davidson diagonalization with overlap
     ethr =  2.11E-10,  avg # of iterations =  4.5

     total cpu time spent up to now is       15.1 secs

     End of self-consistent calculation

          k = 0.0000 0.0000 0.0000 (  5961 PWs)   bands (ev):

   -21.4752  -5.1126  -4.1300  -3.5936  -3.5936  -3.5936   7.2711   7.2711
     7.2711  10.5867  10.5867  10.5867

          k =-0.2500 0.2500-0.2500 (  5952 PWs)   bands (ev):

   -21.3727  -6.5202  -4.5754  -3.7164  -3.7164  -2.0402   7.7531   7.7531
     8.6045  10.1695  10.4099  10.4099

          k = 0.5000-0.5000 0.5000 (  5936 PWs)   bands (ev):

   -21.2664  -7.3396  -4.9605  -3.8328  -3.8328  -1.0294   8.1533   8.1533
     9.8970   9.9355  10.3907  10.3907

          k = 0.0000 0.5000 0.0000 (  5942 PWs)   bands (ev):

   -21.3385  -6.7753  -4.5442  -3.9042  -3.9042  -1.6237   8.2172   8.2172
     8.7038   8.8106  10.9156  10.9156

          k = 0.7500-0.2500 0.7500 (  5924 PWs)   bands (ev):

   -21.2317  -7.2127  -5.9579  -4.0163  -2.8306  -1.1767   8.1715   8.9286
     9.0839  10.1168  10.4785  10.8739

          k = 0.5000 0.0000 0.5000 (  5933 PWs)   bands (ev):

   -21.2673  -6.8730  -6.1156  -3.8366  -2.3551  -1.8799   8.4597   8.5598
     9.2243   9.6966   9.8596  11.1881

          k = 0.0000-1.0000 0.0000 (  5914 PWs)   bands (ev):

   -21.1962  -7.6662  -4.9068  -4.1885  -4.1885  -0.3406   7.1913   9.9742
     9.9742  10.3628  10.3628  10.5784

          k =-0.5000-1.0000 0.0000 (  5940 PWs)   bands (ev):

   -21.1959  -6.8412  -6.8412  -4.2158  -1.7252  -1.7252   8.2009   8.8564
    10.1065  10.1065  10.4642  10.4886

     highest occupied level (ev):    11.1881

!    total energy              =    -161.17860116 Ry
     Harris-Foulkes estimate   =    -161.17860116 Ry
     estimated scf accuracy    <          1.1E-09 Ry

     The total energy is the sum of the following terms:

     one-electron contribution =     -12.49226213 Ry
     hartree contribution      =      24.01937318 Ry
     xc contribution           =     -45.56469405 Ry
     ewald contribution        =    -127.14101816 Ry

     convergence has been achieved in  35 iterations

     Forces acting on atoms (cartesian axes, Ry/au):

     atom    1 type  1   force =     0.00000000   -0.00000000    0.00000000
     atom    2 type  2   force =     0.00000000    0.00000000    0.00000000
     atom    3 type  2   force =     0.00000000    0.00000000   -0.00000000

     Total force =     0.000000     Total SCF correction =     0.000000


     Computing stress (Cartesian axis) and pressure

          total   stress  (Ry/bohr**3)                   (kbar)     P=       58.36
   0.00039673   0.00000000   0.00000000           58.36        0.00        0.00
   0.00000000   0.00039673  -0.00000000            0.00       58.36       -0.00
   0.00000000  -0.00000000   0.00039673            0.00       -0.00       58.36


     Writing output data file /tmp/ceresoli/ceo2.save/
 
     init_run     :      0.42s CPU      0.43s WALL (       1 calls)
     electrons    :     13.67s CPU     14.14s WALL (       1 calls)
     forces       :      0.06s CPU      0.06s WALL (       1 calls)
     stress       :      0.20s CPU      0.21s WALL (       1 calls)

     Called by init_run:
     wfcinit      :      0.21s CPU      0.22s WALL (       1 calls)
     potinit      :      0.03s CPU      0.03s WALL (       1 calls)
     hinit0       :      0.10s CPU      0.10s WALL (       1 calls)

     Called by electrons:
     c_bands      :     10.96s CPU     11.32s WALL (      35 calls)
     sum_band     :      1.74s CPU      1.81s WALL (      35 calls)
     v_of_rho     :      0.76s CPU      0.77s WALL (      36 calls)
     mix_rho      :      0.20s CPU      0.21s WALL (      35 calls)

     Called by c_bands:
     init_us_2    :      0.50s CPU      0.49s WALL (     584 calls)
     cegterg      :     10.41s CPU     10.71s WALL (     280 calls)

     Called by sum_band:

     Called by *egterg:
     h_psi        :      8.06s CPU      8.40s WALL (    1465 calls)
     g_psi        :      0.08s CPU      0.07s WALL (    1177 calls)
     cdiaghg      :      1.20s CPU      1.19s WALL (    1457 calls)

     Called by h_psi:
     h_psi:calbec :      0.31s CPU      0.31s WALL (    1465 calls)
     vloc_psi     :      7.48s CPU      7.86s WALL (    1465 calls)
     add_vuspsi   :      0.18s CPU      0.14s WALL (    1465 calls)

     General routines
     calbec       :      0.31s CPU      0.32s WALL (    1505 calls)
     fft          :      0.31s CPU      0.28s WALL (     384 calls)
     ffts         :      0.01s CPU      0.02s WALL (      35 calls)
     fftw         :      7.44s CPU      7.87s WALL (   25510 calls)
 
     Parallel routines
     fft_scatt_xy :      1.22s CPU      1.34s WALL (   25929 calls)
     fft_scatt_yz :      1.94s CPU      1.84s WALL (   25929 calls)
 
     PWSCF        :     14.83s CPU     15.35s WALL

 
   This run was terminated on:  15: 9:51  13Dec2019            

=------------------------------------------------------------------------------=
   JOB DONE.
=------------------------------------------------------------------------------=
